// Jest Snapshot v1, https://goo.gl/fbAQLP

exports[`Play snapshot Play snapshot 1`] = `
<div>
  <button
    data-testid="minus"
    onClick={[Function]}
  >
    -
  </button>
  <div
    data-testid="number"
  >
    State: 
    1
  </div>
  <button
    data-testid="plus"
    onClick={[Function]}
  >
    +
  </button>
</div>
`;
